
> jira-backend@1.0.0 test
> cross-env NODE_OPTIONS=--experimental-vm-modules NODE_ENV=test jest --testTimeout=10000

  console.log
    Γ£à Environment variables validated

      at validateEnv (config/envValidation.js:33:11)

node.exe : (node:19972) 
ExperimentalWarning: VM 
Modules is an experimental 
feature and might change at 
any time
At C:\Program 
Files\nodejs\npm.ps1:29 
char:3
+   & $NODE_EXE $NPM_CLI_JS 
$args
+   ~~~~~~~~~~~~~~~~~~~~~~~~
~~~~~
    + CategoryInfo          
    : NotSpecified: ((node  
  :19972) Ex...nge at any   
  time:String) [], Remot    
eException
    + FullyQualifiedErrorId 
    : NativeCommandError
 
(Use `node --trace-warnings 
...` to show where the 
warning was created)
(node:19972) [DEP0040] 
DeprecationWarning: The 
`punycode` module is 
deprecated. Please use a 
userland alternative 
instead.
  console.error
    Error sending email:  TypeError: nodemailer.createTransporter is not a function
        at createTransporter (C:\Users\kplr0\Desktop\Jira\backend\utils\emailService.js:4:21)
        at sendOTPEmail (C:\Users\kplr0\Desktop\Jira\backend\utils\emailService.js:17:25)
        at register (C:\Users\kplr0\Desktop\Jira\backend\controllers\authController.js:56:13)
        at processTicksAndRejections (node:internal/process/task_queues:105:5)

    [0m [90m 67 |[39m     [36mreturn[39m { success[33m:[39m [36mtrue[39m[33m,[39m messageId[33m:[39m info[33m.[39mmessageId }[33m;[39m
     [90m 68 |[39m   } [36mcatch[39m (error) {
    [31m[1m>[22m[39m[90m 69 |[39m     console[33m.[39merror([32m'Error sending email: '[39m[33m,[39m error)[33m;[39m
     [90m    |[39m             [31m[1m^[22m[39m
     [90m 70 |[39m     [36mthrow[39m [36mnew[39m [33mError[39m([32m'Failed to send verification email'[39m)[33m;[39m
     [90m 71 |[39m   }
     [90m 72 |[39m }[33m;[39m[0m

      at sendOTPEmail (utils/emailService.js:69:13)
      at register (controllers/authController.js:56:13)

FAIL tests/auth.test.js
  Auth API
    ├ù should register a 
new user (231 ms)
    ├ù should login the 
user (21 ms)
    ΓêÜ should fail login 
with wrong password (15 ms)

  ΓùÅ Auth API ΓÇ║ should 
register a new user

    expect(received).toEqual
(expected) // deep equality

    Expected: 201
    Received: 500

    [0m [90m 16 |[39m    
         [33m.[39msend(use
rData)[33m;[39m
     [90m 17 |[39m
    
[31m[1m>[22m[39m[90m 
18 |[39m         expect(res
[33m.[39mstatusCode)[33m.
[39mtoEqual([35m201[39m)
[33m;[39m
     [90m    |[39m        
                        
[31m[1m^[22m[39m
     [90m 19 |[39m        
 expect(res[33m.[39mbody)
[33m.[39mtoHaveProperty([3
2m'token'[39m)[33m;[39m
     [90m 20 |[39m        
 expect(res[33m.[39mbody[
33m.[39mname)[33m.[39mtoE
qual(userData[33m.[39mname
)[33m;[39m
     [90m 21 |[39m     
})[33m;[39m[0m

      at Object.<anonymous> 
(tests/auth.test.js:18:32)

  ΓùÅ Auth API ΓÇ║ should 
login the user

    expect(received).toEqual
(expected) // deep equality

    Expected: 200
    Received: 401

    [0m [90m 29 |[39m    
         })[33m;[39m
     [90m 30 |[39m
    
[31m[1m>[22m[39m[90m 
31 |[39m         expect(res
[33m.[39mstatusCode)[33m.
[39mtoEqual([35m200[39m)
[33m;[39m
     [90m    |[39m        
                        
[31m[1m^[22m[39m
     [90m 32 |[39m        
 expect(res[33m.[39mbody)
[33m.[39mtoHaveProperty([3
2m'token'[39m)[33m;[39m
     [90m 33 |[39m     
})[33m;[39m
     [90m 34 |[39m[0m

      at Object.<anonymous> 
(tests/auth.test.js:31:32)

Test Suites: 1 failed, 1 
total
Tests:       2 failed, 1 
passed, 3 total
Snapshots:   0 total
Time:        2.949 s, 
estimated 5 s
Ran all test suites.
